******************************************************************************
             TMS320C2000 Linker PC v16.9.3                     
******************************************************************************
>> Linked Mon Sep 25 16:16:50 2017

OUTPUT FILE NAME:   <kong.out>
ENTRY POINT SYMBOL: "_c_int00"  address: 00338000


MEMORY CONFIGURATION

         name            origin    length      used     unused   attr    fill
----------------------  --------  ---------  --------  --------  ----  --------
PAGE 0:
  ZONE0                 00004000   00001000  00000000  00001000  RWIX
  RAML0                 00008000   00001000  00000000  00001000  RWIX
  RAML1                 00009000   00001000  00000000  00001000  RWIX
  RAML2                 0000a000   00001000  00000000  00001000  RWIX
  RAML3                 0000b000   00001000  00000000  00001000  RWIX
  ZONE6                 00100000   00100000  00000000  00100000  RWIX
  ZONE7A                00200000   0000fc00  00000000  0000fc00  RWIX
  FLASHH                00300000   00008000  00000000  00008000  RWIX
  FLASHG                00308000   00008000  00000000  00008000  RWIX
  FLASHF                00310000   00008000  00000000  00008000  RWIX
  FLASHE                00318000   00008000  00000000  00008000  RWIX
  FLASHD                00320000   00008000  00000000  00008000  RWIX
  FLASHC                00328000   00008000  00000000  00008000  RWIX
  FLASHA                00338000   00007f80  00000102  00007e7e  RWIX
  CSM_RSVD              0033ff80   00000076  00000000  00000076  RWIX
  BEGIN                 0033fff6   00000002  00000000  00000002  RWIX
  CSM_PWL               0033fff8   00000008  00000000  00000008  RWIX
  ADC_CAL               00380080   00000009  00000000  00000009  RWIX
  OTP                   00380400   00000400  00000000  00000400  RWIX
  IQTABLES              003fe000   00000b50  00000000  00000b50  RWIX
  IQTABLES2             003feb50   0000008c  00000000  0000008c  RWIX
  FPUTABLES             003febdc   000006a0  00000000  000006a0  RWIX
  ROM                   003ff27c   00000d44  00000000  00000d44  RWIX
  RESET                 003fffc0   00000002  00000000  00000002  RWIX
  VECTORS               003fffc2   0000003e  00000000  0000003e  RWIX

PAGE 1:
  BOOT_RSVD             00000000   00000050  00000000  00000050  RWIX
  RAMM0                 00000050   000003b0  00000000  000003b0  RWIX
  RAMM1                 00000400   00000400  00000300  00000100  RWIX
  RAML4                 0000c000   00001000  0000000a  00000ff6  RWIX
  RAML5                 0000d000   00001000  00000000  00001000  RWIX
  RAML6                 0000e000   00001000  00000000  00001000  RWIX
  RAML7                 0000f000   00001000  00000000  00001000  RWIX
  ZONE7B                0020fc00   00001400  00000000  00001400  RWIX
  FLASHB                00330000   00008000  00000000  00008000  RWIX


SECTION ALLOCATION MAP

 output                                  attributes/
section   page    origin      length       input sections
--------  ----  ----------  ----------   ----------------
ramfuncs   0    00008000    00000000     UNINITIALIZED

.text      0    00338000    000000e8     
                  00338000    00000056     rts2800_fpu32.lib : boot28.obj (.text)
                  00338056    00000029                       : exit.obj (.text)
                  0033807f    00000024                       : cpy_tbl.obj (.text)
                  003380a3    0000001e                       : memcpy.obj (.text)
                  003380c1    00000019                       : args_main.obj (.text)
                  003380da    00000009                       : _lock.obj (.text)
                  003380e3    00000002     main.obj (.text)
                  003380e5    00000002     rts2800_fpu32.lib : pre_init.obj (.text)
                  003380e7    00000001                       : startup.obj (.text)

.cinit     0    003380e8    0000001a     
                  003380e8    0000000e     rts2800_fpu32.lib : exit.obj (.cinit)
                  003380f6    00000005                       : _lock.obj (.cinit:__lock)
                  003380fb    00000005                       : _lock.obj (.cinit:__unlock)
                  00338100    00000002     --HOLE-- [fill = 0]

.pinit     0    00338000    00000000     UNINITIALIZED

.stack     1    00000400    00000300     UNINITIALIZED
                  00000400    00000300     --HOLE--

.ebss      1    0000c000    0000000a     UNINITIALIZED
                  0000c000    00000006     rts2800_fpu32.lib : exit.obj (.ebss)
                  0000c006    00000002                       : _lock.obj (.ebss:__lock)
                  0000c008    00000002                       : _lock.obj (.ebss:__unlock)

.reset     0    003fffc0    00000002     DSECT
                  003fffc0    00000002     rts2800_fpu32.lib : boot28.obj (.reset)

vectors    0    003fffc2    00000000     DSECT

MODULE SUMMARY

       Module          code   initialized data   uninitialized data
       ------          ----   ----------------   ------------------
    .\
       main.obj        2      0                  0                 
    +--+---------------+------+------------------+--------------------+
       Total:          2      0                  0                 
                                                                   
    D:\CCS7.2\ccsv7\tools\compiler\ti-cgt-c2000_16.9.3.LTS\lib\rts2800_fpu32.lib
       boot28.obj      86     0                  0                 
       exit.obj        41     14                 6                 
       cpy_tbl.obj     36     0                  0                 
       memcpy.obj      30     0                  0                 
       args_main.obj   25     0                  0                 
       _lock.obj       9      10                 4                 
       pre_init.obj    2      0                  0                 
       startup.obj     1      0                  0                 
    +--+---------------+------+------------------+--------------------+
       Total:          230    24                 10                
                                                                   
       Stack:          0      0                  768               
    +--+---------------+------+------------------+--------------------+
       Grand Total:    232    24                 778               


GLOBAL DATA SYMBOLS: SORTED BY DATA PAGE

address     data page           name
--------    ----------------    ----
00000400      10 (00000400)     __stack

0000c000     300 (0000c000)     ___TI_enable_exit_profile_output
0000c002     300 (0000c000)     ___TI_cleanup_ptr
0000c004     300 (0000c000)     ___TI_dtors_ptr
0000c006     300 (0000c000)     __lock
0000c008     300 (0000c000)     __unlock


GLOBAL SYMBOLS: SORTED ALPHABETICALLY BY Name 

page  address   name                            
----  -------   ----                            
0     00338000  .text                           
0     00338056  C$$EXIT                         
0     00008000  _RamfuncsLoadEnd                
0     00008000  _RamfuncsLoadStart              
0     00008000  _RamfuncsRunStart               
1     00000700  __STACK_END                     
abs   00000300  __STACK_SIZE                    
1     0000c002  ___TI_cleanup_ptr               
1     0000c004  ___TI_dtors_ptr                 
1     0000c000  ___TI_enable_exit_profile_output
abs   ffffffff  ___TI_pprof_out_hndl            
abs   ffffffff  ___TI_prof_data_size            
abs   ffffffff  ___TI_prof_data_start           
abs   ffffffff  ___binit__                      
abs   ffffffff  ___c_args__                     
0     003380e8  ___cinit__                      
0     003380e8  ___etext__                      
abs   ffffffff  ___pinit__                      
0     00338000  ___text__                       
0     003380c1  __args_main                     
1     0000c006  __lock                          
0     003380e2  __nop                           
0     003380de  __register_lock                 
0     003380da  __register_unlock               
1     00000400  __stack                         
0     003380e7  __system_post_cinit             
0     003380e5  __system_pre_init               
1     0000c008  __unlock                        
0     00338056  _abort                          
0     00338000  _c_int00                        
0     0033807f  _copy_in                        
0     00338058  _exit                           
0     003380e3  _main                           
0     003380a3  _memcpy                         
abs   ffffffff  binit                           
0     003380e8  cinit                           
0     003380e8  etext                           
abs   ffffffff  pinit                           


GLOBAL SYMBOLS: SORTED BY Symbol Address 

page  address   name                            
----  -------   ----                            
0     00008000  _RamfuncsLoadEnd                
0     00008000  _RamfuncsLoadStart              
0     00008000  _RamfuncsRunStart               
0     00338000  .text                           
0     00338000  ___text__                       
0     00338000  _c_int00                        
0     00338056  C$$EXIT                         
0     00338056  _abort                          
0     00338058  _exit                           
0     0033807f  _copy_in                        
0     003380a3  _memcpy                         
0     003380c1  __args_main                     
0     003380da  __register_unlock               
0     003380de  __register_lock                 
0     003380e2  __nop                           
0     003380e3  _main                           
0     003380e5  __system_pre_init               
0     003380e7  __system_post_cinit             
0     003380e8  ___cinit__                      
0     003380e8  ___etext__                      
0     003380e8  cinit                           
0     003380e8  etext                           
1     00000400  __stack                         
1     00000700  __STACK_END                     
1     0000c000  ___TI_enable_exit_profile_output
1     0000c002  ___TI_cleanup_ptr               
1     0000c004  ___TI_dtors_ptr                 
1     0000c006  __lock                          
1     0000c008  __unlock                        
abs   00000300  __STACK_SIZE                    
abs   ffffffff  ___TI_pprof_out_hndl            
abs   ffffffff  ___TI_prof_data_size            
abs   ffffffff  ___TI_prof_data_start           
abs   ffffffff  ___binit__                      
abs   ffffffff  ___c_args__                     
abs   ffffffff  ___pinit__                      
abs   ffffffff  binit                           
abs   ffffffff  pinit                           

[38 symbols]
