******************************************************************************
             TMS320C2000 Linker PC v16.9.3                     
******************************************************************************
>> Linked Mon Sep 25 11:31:43 2017

OUTPUT FILE NAME:   <kong.out>
ENTRY POINT SYMBOL: "_c_int00"  address: 00276e4c


MEMORY CONFIGURATION

         name            origin    length      used     unused   attr    fill
----------------------  --------  ---------  --------  --------  ----  --------
PAGE 0:
  BEGIN                 00000000   00000002  00000000  00000002  RWIX
  RAMM0                 00000050   00000400  00000000  00000400  RWIX
  RAML0                 00008000   00000300  0000001e  000002e2  RWIX
  RAML1                 00008300   000079c0  00000000  000079c0  RWIX
  ZONE6                 00100002   000fffff  00000000  000fffff  RWIX
  ZONE7A                00270b80   0000f47f  0000648d  00008ff2  RWIX
  CSM_RSVD              0033ff80   00000076  00000000  00000076  RWIX
  CSM_PWL               0033fff8   00000008  00000000  00000008  RWIX
  ADC_CAL               00380080   00000009  00000000  00000009  RWIX
  IQTABLES              003fe000   00000b50  00000000  00000b50  RWIX
  IQTABLES2             003feb50   0000008c  00000000  0000008c  RWIX
  FPUTABLES             003febdc   000006a0  00000000  000006a0  RWIX
  BOOTROM               003ff27c   00000d44  00000000  00000d44  RWIX
  RESET                 003fffc0   00000002  00000000  00000002  RWIX

PAGE 1:
  BOOT_RSVD             00000002   0000004e  00000000  0000004e  RWIX
  RAMM1                 00000450   000003b0  00000300  000000b0  RWIX
  RAML5                 0000fcc0   000002e0  00000060  00000280  RWIX
  RAML6                 0000ffa0   00000040  00000000  00000040  RWIX
  RAML7                 0000ffe0   00000020  00000000  00000020  RWIX
  ZONE6B                00100000   000fffff  00000000  000fffff  RWIX
  ZONE7B                00200000   00070b80  00027140  00049a40  RWIX
  RAML4                 002effff   00010000  0000000b  0000fff5  RWIX


SECTION ALLOCATION MAP

 output                                  attributes/
section   page    origin      length       input sections
--------  ----  ----------  ----------   ----------------
.cinit     0    00008000    0000001e     
                  00008000    0000000e     rts2800_fpu32.lib : exit.obj (.cinit)
                  0000800e    00000005                       : _lock.obj (.cinit:__lock)
                  00008013    00000005                       : _lock.obj (.cinit:__unlock)
                  00008018    00000004                       : errno.obj (.cinit)
                  0000801c    00000002     --HOLE-- [fill = 0]

.text      0    00270b80    0000648d     
                  00270b80    00005cb8     Delta_S_Line.obj (.text)
                  00276838    00000380     rts2800_fpu32.lib : e_powf.obj (.text)
                  00276bb8    0000009c                       : fd_add28.obj (.text)
                  00276c54    0000008b                       : fd_div28.obj (.text)
                  00276cdf    00000088                       : fs_div28.obj (.text)
                  00276d67    00000083                       : fd_mpy28.obj (.text)
                  00276dea    00000062                       : s_scalbnf.obj (.text)
                  00276e4c    00000056                       : boot28.obj (.text)
                  00276ea2    0000004f     main.obj (.text)
                  00276ef1    00000029     rts2800_fpu32.lib : exit.obj (.text)
                  00276f1a    00000025                       : e_sqrtf.obj (.text)
                  00276f3f    00000024                       : cpy_tbl.obj (.text)
                  00276f63    00000023                       : fd_tofsfpu32.obj (.text)
                  00276f86    0000001e                       : memcpy.obj (.text)
                  00276fa4    0000001c                       : fs_tofdfpu32.obj (.text)
                  00276fc0    00000019                       : args_main.obj (.text)
                  00276fd9    00000011                       : s_copysignf.obj (.text)
                  00276fea    0000000e                       : fd_sub28.obj (.text)
                  00276ff8    00000009                       : _lock.obj (.text)
                  00277001    00000009                       : fd_neg28.obj (.text)
                  0027700a    00000002                       : pre_init.obj (.text)
                  0027700c    00000001                       : startup.obj (.text)

.pinit     0    00008000    00000000     UNINITIALIZED

.stack     1    00000450    00000300     UNINITIALIZED
                  00000450    00000300     --HOLE--

.econst    1    0000fcc0    00000060     
                  0000fcc0    00000032     rts2800_fpu32.lib : e_powf.obj (.econst)
                  0000fcf2    0000001c     SCARA_S_Line.obj (.econst)
                  0000fd0e    00000006     rts2800_fpu32.lib : s_scalbnf.obj (.econst)
                  0000fd14    00000004                       : e_powf.obj (.econst:_bp)
                  0000fd18    00000004                       : e_powf.obj (.econst:_dp_h)
                  0000fd1c    00000004                       : e_powf.obj (.econst:_dp_l)

.ebss      1    002f0000    0000000b     UNINITIALIZED
                  002f0000    00000006     rts2800_fpu32.lib : exit.obj (.ebss)
                  002f0006    00000002                       : _lock.obj (.ebss:__lock)
                  002f0008    00000002                       : _lock.obj (.ebss:__unlock)
                  002f000a    00000001                       : errno.obj (.ebss)

ZONE7DATA 
*          1    00200000    00027140     UNINITIALIZED
                  00200000    00027140     main.obj (ZONE7DATA)

.reset     0    003fffc0    00000002     DSECT
                  003fffc0    00000002     rts2800_fpu32.lib : boot28.obj (.reset)

csm_rsvd   0    0033ff80    00000000     DSECT

csmpasswds 
*          0    0033fff8    00000000     DSECT

MODULE SUMMARY

       Module             code    initialized data   uninitialized data
       ------             ----    ----------------   ------------------
    .\source\
       main.obj           79      0                  160064            
       Delta_S_Line.obj   23736   0                  0                 
       SCARA_S_Line.obj   0       28                 0                 
    +--+------------------+-------+------------------+--------------------+
       Total:             23815   28                 160064            
                                                                       
    D:\CCS7.2\ccsv7\tools\compiler\ti-cgt-c2000_16.9.3.LTS\lib\rts2800_fpu32.lib
       e_powf.obj         896     62                 0                 
       fd_add28.obj       156     0                  0                 
       fd_div28.obj       139     0                  0                 
       fs_div28.obj       136     0                  0                 
       fd_mpy28.obj       131     0                  0                 
       s_scalbnf.obj      98      6                  0                 
       boot28.obj         86      0                  0                 
       exit.obj           41      14                 6                 
       e_sqrtf.obj        37      0                  0                 
       cpy_tbl.obj        36      0                  0                 
       fd_tofsfpu32.obj   35      0                  0                 
       memcpy.obj         30      0                  0                 
       fs_tofdfpu32.obj   28      0                  0                 
       args_main.obj      25      0                  0                 
       _lock.obj          9       10                 4                 
       s_copysignf.obj    17      0                  0                 
       fd_sub28.obj       14      0                  0                 
       fd_neg28.obj       9       0                  0                 
       errno.obj          0       4                  1                 
       pre_init.obj       2       0                  0                 
       startup.obj        1       0                  0                 
    +--+------------------+-------+------------------+--------------------+
       Total:             1926    96                 11                
                                                                       
       Stack:             0       0                  768               
    +--+------------------+-------+------------------+--------------------+
       Grand Total:       25741   124                160843            


GLOBAL DATA SYMBOLS: SORTED BY DATA PAGE

address     data page           name
--------    ----------------    ----
00000450      11 (00000440)     __stack

00200000    8000 (00200000)     _S_Line_Fix
00200004    8000 (00200000)     _Decare_Point

00200040    8001 (00200040)     _S_Line_Runin

002f0000    bc00 (002f0000)     ___TI_enable_exit_profile_output
002f0002    bc00 (002f0000)     ___TI_cleanup_ptr
002f0004    bc00 (002f0000)     ___TI_dtors_ptr
002f0006    bc00 (002f0000)     __lock
002f0008    bc00 (002f0000)     __unlock
002f000a    bc00 (002f0000)     _errno


GLOBAL SYMBOLS: SORTED ALPHABETICALLY BY Name 

page  address   name                            
----  -------   ----                            
0     00270b80  .text                           
0     00276ef1  C$$EXIT                         
0     00276bb8  FD$$ADD                         
0     00276c54  FD$$DIV                         
0     00276d67  FD$$MPY                         
0     00277001  FD$$NEG                         
0     00276fea  FD$$SUB                         
0     00276f63  FD$$TOFS                        
0     00276cdf  FS$$DIV                         
0     00276fa4  FS$$TOFD                        
1     00200004  _Decare_Point                   
0     00270b80  _Delta_S_Line                   
1     00200000  _S_Line_Fix                     
1     00200040  _S_Line_Runin                   
1     00000750  __STACK_END                     
abs   00000300  __STACK_SIZE                    
1     002f0002  ___TI_cleanup_ptr               
1     002f0004  ___TI_dtors_ptr                 
1     002f0000  ___TI_enable_exit_profile_output
abs   ffffffff  ___TI_pprof_out_hndl            
abs   ffffffff  ___TI_prof_data_size            
abs   ffffffff  ___TI_prof_data_start           
abs   ffffffff  ___binit__                      
abs   ffffffff  ___c_args__                     
0     00008000  ___cinit__                      
0     0027700d  ___etext__                      
abs   ffffffff  ___pinit__                      
0     00270b80  ___text__                       
0     00276fc0  __args_main                     
1     002f0006  __lock                          
0     00277000  __nop                           
0     00276ffc  __register_lock                 
0     00276ff8  __register_unlock               
1     00000450  __stack                         
0     0027700c  __system_post_cinit             
0     0027700a  __system_pre_init               
1     002f0008  __unlock                        
0     00276ef1  _abort                          
0     00276e4c  _c_int00                        
0     00276f3f  _copy_in                        
0     00276fd9  _copysign                       
0     00276fd9  _copysignf                      
1     002f000a  _errno                          
0     00276ef3  _exit                           
0     00276dea  _ldexp                          
0     00276dea  _ldexpf                         
0     00276ea2  _main                           
0     00276f86  _memcpy                         
0     00276838  _pow                            
0     00276838  _powf                           
0     00276dea  _scalbn                         
0     00276dea  _scalbnf                        
0     00276f1a  _sqrt                           
0     00276f1a  _sqrtf                          
abs   ffffffff  binit                           
0     00008000  cinit                           
0     0027700d  etext                           
abs   ffffffff  pinit                           


GLOBAL SYMBOLS: SORTED BY Symbol Address 

page  address   name                            
----  -------   ----                            
0     00008000  ___cinit__                      
0     00008000  cinit                           
0     00270b80  .text                           
0     00270b80  _Delta_S_Line                   
0     00270b80  ___text__                       
0     00276838  _pow                            
0     00276838  _powf                           
0     00276bb8  FD$$ADD                         
0     00276c54  FD$$DIV                         
0     00276cdf  FS$$DIV                         
0     00276d67  FD$$MPY                         
0     00276dea  _ldexp                          
0     00276dea  _ldexpf                         
0     00276dea  _scalbn                         
0     00276dea  _scalbnf                        
0     00276e4c  _c_int00                        
0     00276ea2  _main                           
0     00276ef1  C$$EXIT                         
0     00276ef1  _abort                          
0     00276ef3  _exit                           
0     00276f1a  _sqrt                           
0     00276f1a  _sqrtf                          
0     00276f3f  _copy_in                        
0     00276f63  FD$$TOFS                        
0     00276f86  _memcpy                         
0     00276fa4  FS$$TOFD                        
0     00276fc0  __args_main                     
0     00276fd9  _copysign                       
0     00276fd9  _copysignf                      
0     00276fea  FD$$SUB                         
0     00276ff8  __register_unlock               
0     00276ffc  __register_lock                 
0     00277000  __nop                           
0     00277001  FD$$NEG                         
0     0027700a  __system_pre_init               
0     0027700c  __system_post_cinit             
0     0027700d  ___etext__                      
0     0027700d  etext                           
1     00000450  __stack                         
1     00000750  __STACK_END                     
1     00200000  _S_Line_Fix                     
1     00200004  _Decare_Point                   
1     00200040  _S_Line_Runin                   
1     002f0000  ___TI_enable_exit_profile_output
1     002f0002  ___TI_cleanup_ptr               
1     002f0004  ___TI_dtors_ptr                 
1     002f0006  __lock                          
1     002f0008  __unlock                        
1     002f000a  _errno                          
abs   00000300  __STACK_SIZE                    
abs   ffffffff  ___TI_pprof_out_hndl            
abs   ffffffff  ___TI_prof_data_size            
abs   ffffffff  ___TI_prof_data_start           
abs   ffffffff  ___binit__                      
abs   ffffffff  ___c_args__                     
abs   ffffffff  ___pinit__                      
abs   ffffffff  binit                           
abs   ffffffff  pinit                           

[58 symbols]
